I'm sorry, but errors were detected in your script. Please correct the
errors listed below, and try again.


File "game/script.rpy", line 14: end of line expected.
    show max xalign 0.1 ypos 0.5 xysize (0.5, 0.5)  
                        ^

File "game/script.rpy", line 15: end of line expected.
    show alex xalign 0.9 ypos 0.5 xysize (0.5, 0.5)  
                         ^

Ren'Py Version: Ren'Py 8.1.3.23091805
Sun Nov 12 23:55:20 2023
